==================================================
                CINEPLEX DIGITAL SYSTEM            
==================================================
 Date: 2026-05-24 09:51:25
 To:   testuser@example.com
 Subject: CinePlex OTP Verification Code
--------------------------------------------------
 Your 6-digit OTP code to log in is:

                  [ 088702 ]

 This code is valid for 5 minutes. Do not share it.
==================================================


==================================================
                CINEPLEX DIGITAL SYSTEM            
==================================================
 Date: 2026-05-24 09:54:13
 To:   deepugm12345@gmail.com
 Subject: CinePlex OTP Verification Code
--------------------------------------------------
 Your 6-digit OTP code to log in is:

                  [ 393616 ]

 This code is valid for 5 minutes. Do not share it.
==================================================


==================================================
                CINEPLEX DIGITAL SYSTEM            
==================================================
 Date: 2026-05-24 09:55:39
 To:   admin@cineplex.com
 Subject: CinePlex OTP Verification Code
--------------------------------------------------
 Your 6-digit OTP code to log in is:

                  [ 457184 ]

 This code is valid for 5 minutes. Do not share it.
==================================================


==================================================
                CINEPLEX DIGITAL SYSTEM            
==================================================
 Date: 2026-05-24 09:56:07
 To:   deepugm12345@gmail.com
 Subject: CinePlex OTP Verification Code
--------------------------------------------------
 Your 6-digit OTP code to log in is:

                  [ 330437 ]

 This code is valid for 5 minutes. Do not share it.
==================================================



======================================================================
  [SECURE WARNING] GMAIL SMTP CREDENTIALS NOT CONFIGURED IN db.properties 
======================================================================
 Date: 2026-05-24 10:13:12
 To:   dee****@gmail.com
 Status: Real OTP email cannot be dispatched.
 Action Required: Set mail.smtp.user and mail.smtp.password in src/db.properties.
 Local Note: Retrieve OTP code securely from MySQL 'otp_verification' table.
======================================================================



======================================================================
  [SECURE WARNING] GMAIL SMTP CREDENTIALS NOT CONFIGURED IN db.properties 
======================================================================
 Date: 2026-05-24 10:15:51
 To:   dee****@gmail.com
 Status: Real OTP email cannot be dispatched.
 Action Required: Set mail.smtp.user and mail.smtp.password in src/db.properties.
 Local Note: Retrieve OTP code securely from MySQL 'otp_verification' table.
======================================================================



======================================================================
  [SECURE WARNING] GMAIL SMTP CREDENTIALS NOT CONFIGURED IN db.properties 
======================================================================
 Date: 2026-05-24 10:16:10
 To:   joh****@example.com
 Status: Real OTP email cannot be dispatched.
 Action Required: Set mail.smtp.user and mail.smtp.password in src/db.properties.
 Local Note: Retrieve OTP code securely from MySQL 'otp_verification' table.
======================================================================



======================================================================
  [SECURE WARNING] GMAIL SMTP CREDENTIALS NOT CONFIGURED IN db.properties 
======================================================================
 Date: 2026-05-24 10:16:22
 To:   adm****@cineplex.com
 Status: Real OTP email cannot be dispatched.
 Action Required: Set mail.smtp.user and mail.smtp.password in src/db.properties.
 Local Note: Retrieve OTP code securely from MySQL 'otp_verification' table.
======================================================================



======================================================================
  [SECURE WARNING] GMAIL SMTP CREDENTIALS NOT CONFIGURED IN db.properties 
======================================================================
 Date: 2026-05-24 10:33:11
 To:   tes****@example.com
 Status: Real OTP email cannot be dispatched.
 Action Required: Set mail.smtp.user and mail.smtp.password in src/db.properties.
 Local Note: Retrieve OTP code securely from MySQL 'otp_verification' table.
======================================================================



======================================================================
  [SECURE WARNING] GMAIL SMTP CREDENTIALS NOT CONFIGURED IN db.properties 
======================================================================
 Date: 2026-05-24 10:34:23
 To:   tes****@example.com
 Status: Real OTP email cannot be dispatched.
 Action Required: Set mail.smtp.user and mail.smtp.password in src/db.properties.
 Local Note: Retrieve OTP code securely from MySQL 'otp_verification' table.
======================================================================



======================================================================
  [SECURE WARNING] GMAIL SMTP CREDENTIALS NOT CONFIGURED IN db.properties 
======================================================================
 Date: 2026-05-24 10:35:13
 To:   tes****@example.com
 Status: Real OTP email cannot be dispatched.
 Action Required: Set mail.smtp.user and mail.smtp.password in src/db.properties.
 Local Note: Retrieve OTP code securely from MySQL 'otp_verification' table.
======================================================================



======================================================================
  [SECURE WARNING] GMAIL SMTP CREDENTIALS NOT CONFIGURED IN db.properties 
======================================================================
 Date: 2026-05-24 10:36:24
 To:   tes****@example.com
 Status: Real OTP email cannot be dispatched.
 Action Required: Set mail.smtp.user and mail.smtp.password in src/db.properties.
 Local Note: Retrieve OTP code securely from MySQL 'otp_verification' table.
======================================================================



======================================================================
  [SECURE WARNING] GMAIL SMTP CREDENTIALS NOT CONFIGURED IN db.properties 
======================================================================
 Date: 2026-05-24 10:37:45
 To:   dee****@gmail.com
 Status: Real OTP email cannot be dispatched.
 Action Required: Set mail.smtp.user and mail.smtp.password in src/db.properties.
 Local Note: Retrieve OTP code securely from MySQL 'otp_verification' table.
======================================================================



======================================================================
  [SECURE WARNING] GMAIL SMTP CREDENTIALS NOT CONFIGURED IN db.properties 
======================================================================
 Date: 2026-05-24 10:50:42
 To:   tes****@example.com
 Status: Real OTP email cannot be dispatched.
 Action Required: Set mail.smtp.user and mail.smtp.password in src/db.properties.
 Local Note: Retrieve OTP code securely from MySQL 'otp_verification' table.
======================================================================



======================================================================
  [SECURE WARNING] GMAIL SMTP CREDENTIALS NOT CONFIGURED IN db.properties 
======================================================================
 Date: 2026-05-24 10:52:34
 To:   dee****@gmail.com
 Status: Real OTP email cannot be dispatched.
 Action Required: Set mail.smtp.user and mail.smtp.password in src/db.properties.
 Local Note: Retrieve OTP code securely from MySQL 'otp_verification' table.
======================================================================



======================================================================
  [SECURE WARNING] GMAIL SMTP CREDENTIALS NOT CONFIGURED IN db.properties 
======================================================================
 Date: 2026-05-24 10:59:00
 To:   dee****@gmail.com
 Status: Real OTP email cannot be dispatched.
 Action Required: Set mail.smtp.user and mail.smtp.password in src/db.properties.
 Local Note: Retrieve OTP code securely from MySQL 'otp_verification' table.
======================================================================



======================================================================
  [SECURE WARNING] GMAIL SMTP CREDENTIALS NOT CONFIGURED IN db.properties 
======================================================================
 Date: 2026-05-24 11:00:10
 To:   adm****@cineplex.com
 Status: Real OTP email cannot be dispatched.
 Action Required: Set mail.smtp.user and mail.smtp.password in src/db.properties.
 Local Note: Retrieve OTP code securely from MySQL 'otp_verification' table.
======================================================================



======================================================================
  [SECURE WARNING] GMAIL SMTP CREDENTIALS NOT CONFIGURED IN db.properties 
======================================================================
 Date: 2026-05-24 11:00:41
 To:   adm****@cineplex.com
 Status: Real OTP email cannot be dispatched.
 Action Required: Set mail.smtp.user and mail.smtp.password in src/db.properties.
 Local Note: Retrieve OTP code securely from MySQL 'otp_verification' table.
======================================================================



======================================================================
  [SECURE WARNING] GMAIL SMTP CREDENTIALS NOT CONFIGURED IN db.properties 
======================================================================
 Date: 2026-05-24 11:02:19
 To:   dee****@gmail.com
 Status: Real OTP email cannot be dispatched.
 Action Required: Set mail.smtp.user and mail.smtp.password in src/db.properties.
 Local Note: Retrieve OTP code securely from MySQL 'otp_verification' table.
======================================================================



======================================================================
  [SECURE WARNING] GMAIL SMTP CREDENTIALS NOT CONFIGURED IN db.properties 
======================================================================
 Date: 2026-05-24 11:11:03
 To:   dee****@gmail.com
 Status: Real OTP email cannot be dispatched.
 Action Required: Set mail.smtp.user and mail.smtp.password in src/db.properties.
 Local Note: Retrieve OTP code securely from MySQL 'otp_verification' table.
======================================================================



======================================================================
  [SECURE WARNING] GMAIL SMTP CREDENTIALS NOT CONFIGURED IN db.properties 
======================================================================
 Date: 2026-05-24 20:50:10
 To:   tes****@example.com
 Status: Real OTP email cannot be dispatched.
 Action Required: Set mail.smtp.user and mail.smtp.password in src/db.properties.
 Local Note: Retrieve OTP code securely from MySQL 'otp_verification' table.
======================================================================



======================================================================
  [SECURE WARNING] GMAIL SMTP CREDENTIALS NOT CONFIGURED IN db.properties 
======================================================================
 Date: 2026-05-24 20:50:43
 To:   tes****@example.com
 Status: Real OTP email cannot be dispatched.
 Action Required: Set mail.smtp.user and mail.smtp.password in src/db.properties.
 Local Note: Retrieve OTP code securely from MySQL 'otp_verification' table.
======================================================================



======================================================================
  [SECURE WARNING] GMAIL SMTP CREDENTIALS NOT CONFIGURED IN db.properties 
======================================================================
 Date: 2026-05-24 20:51:20
 To:   dee****@gmail.com
 Status: Real OTP email cannot be dispatched.
 Action Required: Set mail.smtp.user and mail.smtp.password in src/db.properties.
 Local Note: Retrieve OTP code securely from MySQL 'otp_verification' table.
======================================================================



======================================================================
  [SECURE WARNING] GMAIL SMTP CREDENTIALS NOT CONFIGURED IN db.properties 
======================================================================
 Date: 2026-05-24 21:02:34
 To:   tes****@example.com
 Status: Real OTP email cannot be dispatched.
 Action Required: Set mail.smtp.user and mail.smtp.password in src/db.properties.
 Local Note: Retrieve OTP code securely from MySQL 'otp_verification' table.
======================================================================



======================================================================
  [SECURE WARNING] GMAIL SMTP CREDENTIALS NOT CONFIGURED IN db.properties 
======================================================================
 Date: 2026-05-27 11:23:14
 To:   dee****@gmail.com
 Status: Real OTP email cannot be dispatched.
 Action Required: Set mail.smtp.user and mail.smtp.password in src/db.properties.
 Local Note: Retrieve OTP code securely from MySQL 'otp_verification' table.
======================================================================



======================================================================
  [SECURE WARNING] GMAIL SMTP CREDENTIALS NOT CONFIGURED IN db.properties 
======================================================================
 Date: 2026-05-27 14:46:29
 To:   dee****@gmail.com
 Status: Real OTP email cannot be dispatched.
 Action Required: Set mail.smtp.user and mail.smtp.password in src/db.properties.
 Local Note: Retrieve OTP code securely from MySQL 'otp_verification' table.
======================================================================



======================================================================
  [SECURE WARNING] GMAIL SMTP CREDENTIALS NOT CONFIGURED IN db.properties 
======================================================================
 Date: 2026-05-28 03:30:43
 To:   dee****@gmail.com
 Status: Real OTP email cannot be dispatched.
 Action Required: Set mail.smtp.user and mail.smtp.password in src/db.properties.
 Local Note: Retrieve OTP code securely from MySQL 'otp_verification' table.
======================================================================


